// Vitest Snapshot v1, https://vitest.dev/guide/snapshot.html

exports[`collapse > props items > should work with nested 1`] = ``;
